<?xml version="1.0"?>
<link_info>
   <banner>MSP430 Linker PC v4.2.1</banner>
   <copyright>Copyright (c) 2003-2013 Texas Instruments Incorporated</copyright>
   <link_time>0x52817f3d</link_time>
   <link_errors>0x0</link_errors>
   <output_file>Fixed_LT_FIFO.out</output_file>
   <entry_point>
      <name>_c_int00</name>
      <address>0x8ba6</address>
   </entry_point>
   <input_file_list>
      <input_file id="fl-2">
         <path>.\HAL\</path>
         <kind>object</kind>
         <file>hal_pmm.obj</file>
         <name>hal_pmm.obj</name>
      </input_file>
      <input_file id="fl-3">
         <path>.\HAL\</path>
         <kind>object</kind>
         <file>RfRegSettings.obj</file>
         <name>RfRegSettings.obj</name>
      </input_file>
      <input_file id="fl-4">
         <path>.\HAL\</path>
         <kind>object</kind>
         <file>RF1A.obj</file>
         <name>RF1A.obj</name>
      </input_file>
      <input_file id="fl-5">
         <path>.\</path>
         <kind>object</kind>
         <file>RadioControl.obj</file>
         <name>RadioControl.obj</name>
      </input_file>
      <input_file id="fl-6">
         <path>.\</path>
         <kind>object</kind>
         <file>Button.obj</file>
         <name>Button.obj</name>
      </input_file>
      <input_file id="fl-7">
         <path>.\</path>
         <kind>object</kind>
         <file>AutismProgram.obj</file>
         <name>AutismProgram.obj</name>
      </input_file>
      <input_file id="fl-27">
         <path>C:\ti\ccsv5\tools\compiler\msp430_4.2.1\lib\</path>
         <kind>archive</kind>
         <file>rts430x_lc_sd_eabi.lib</file>
         <name>boot.obj</name>
      </input_file>
      <input_file id="fl-28">
         <path>C:\ti\ccsv5\tools\compiler\msp430_4.2.1\lib\</path>
         <kind>archive</kind>
         <file>rts430x_lc_sd_eabi.lib</file>
         <name>copy_decompress_none.obj</name>
      </input_file>
      <input_file id="fl-29">
         <path>C:\ti\ccsv5\tools\compiler\msp430_4.2.1\lib\</path>
         <kind>archive</kind>
         <file>rts430x_lc_sd_eabi.lib</file>
         <name>copy_decompress_rle.obj</name>
      </input_file>
      <input_file id="fl-2a">
         <path>C:\ti\ccsv5\tools\compiler\msp430_4.2.1\lib\</path>
         <kind>archive</kind>
         <file>rts430x_lc_sd_eabi.lib</file>
         <name>copy_zero_init.obj</name>
      </input_file>
      <input_file id="fl-2b">
         <path>C:\ti\ccsv5\tools\compiler\msp430_4.2.1\lib\</path>
         <kind>archive</kind>
         <file>rts430x_lc_sd_eabi.lib</file>
         <name>cpy_util.obj</name>
      </input_file>
      <input_file id="fl-2c">
         <path>C:\ti\ccsv5\tools\compiler\msp430_4.2.1\lib\</path>
         <kind>archive</kind>
         <file>rts430x_lc_sd_eabi.lib</file>
         <name>div32u.obj</name>
      </input_file>
      <input_file id="fl-2d">
         <path>C:\ti\ccsv5\tools\compiler\msp430_4.2.1\lib\</path>
         <kind>archive</kind>
         <file>rts430x_lc_sd_eabi.lib</file>
         <name>exit.obj</name>
      </input_file>
      <input_file id="fl-2e">
         <path>C:\ti\ccsv5\tools\compiler\msp430_4.2.1\lib\</path>
         <kind>archive</kind>
         <file>rts430x_lc_sd_eabi.lib</file>
         <name>int45.obj</name>
      </input_file>
      <input_file id="fl-2f">
         <path>C:\ti\ccsv5\tools\compiler\msp430_4.2.1\lib\</path>
         <kind>archive</kind>
         <file>rts430x_lc_sd_eabi.lib</file>
         <name>int46.obj</name>
      </input_file>
      <input_file id="fl-30">
         <path>C:\ti\ccsv5\tools\compiler\msp430_4.2.1\lib\</path>
         <kind>archive</kind>
         <file>rts430x_lc_sd_eabi.lib</file>
         <name>int47.obj</name>
      </input_file>
      <input_file id="fl-31">
         <path>C:\ti\ccsv5\tools\compiler\msp430_4.2.1\lib\</path>
         <kind>archive</kind>
         <file>rts430x_lc_sd_eabi.lib</file>
         <name>int48.obj</name>
      </input_file>
      <input_file id="fl-32">
         <path>C:\ti\ccsv5\tools\compiler\msp430_4.2.1\lib\</path>
         <kind>archive</kind>
         <file>rts430x_lc_sd_eabi.lib</file>
         <name>int50.obj</name>
      </input_file>
      <input_file id="fl-33">
         <path>C:\ti\ccsv5\tools\compiler\msp430_4.2.1\lib\</path>
         <kind>archive</kind>
         <file>rts430x_lc_sd_eabi.lib</file>
         <name>int52.obj</name>
      </input_file>
      <input_file id="fl-34">
         <path>C:\ti\ccsv5\tools\compiler\msp430_4.2.1\lib\</path>
         <kind>archive</kind>
         <file>rts430x_lc_sd_eabi.lib</file>
         <name>int54.obj</name>
      </input_file>
      <input_file id="fl-35">
         <path>C:\ti\ccsv5\tools\compiler\msp430_4.2.1\lib\</path>
         <kind>archive</kind>
         <file>rts430x_lc_sd_eabi.lib</file>
         <name>int55.obj</name>
      </input_file>
      <input_file id="fl-36">
         <path>C:\ti\ccsv5\tools\compiler\msp430_4.2.1\lib\</path>
         <kind>archive</kind>
         <file>rts430x_lc_sd_eabi.lib</file>
         <name>int56.obj</name>
      </input_file>
      <input_file id="fl-37">
         <path>C:\ti\ccsv5\tools\compiler\msp430_4.2.1\lib\</path>
         <kind>archive</kind>
         <file>rts430x_lc_sd_eabi.lib</file>
         <name>int57.obj</name>
      </input_file>
      <input_file id="fl-38">
         <path>C:\ti\ccsv5\tools\compiler\msp430_4.2.1\lib\</path>
         <kind>archive</kind>
         <file>rts430x_lc_sd_eabi.lib</file>
         <name>int58.obj</name>
      </input_file>
      <input_file id="fl-39">
         <path>C:\ti\ccsv5\tools\compiler\msp430_4.2.1\lib\</path>
         <kind>archive</kind>
         <file>rts430x_lc_sd_eabi.lib</file>
         <name>int59.obj</name>
      </input_file>
      <input_file id="fl-3a">
         <path>C:\ti\ccsv5\tools\compiler\msp430_4.2.1\lib\</path>
         <kind>archive</kind>
         <file>rts430x_lc_sd_eabi.lib</file>
         <name>int60.obj</name>
      </input_file>
      <input_file id="fl-3b">
         <path>C:\ti\ccsv5\tools\compiler\msp430_4.2.1\lib\</path>
         <kind>archive</kind>
         <file>rts430x_lc_sd_eabi.lib</file>
         <name>int61.obj</name>
      </input_file>
      <input_file id="fl-3c">
         <path>C:\ti\ccsv5\tools\compiler\msp430_4.2.1\lib\</path>
         <kind>archive</kind>
         <file>rts430x_lc_sd_eabi.lib</file>
         <name>int62.obj</name>
      </input_file>
      <input_file id="fl-3d">
         <path>C:\ti\ccsv5\tools\compiler\msp430_4.2.1\lib\</path>
         <kind>archive</kind>
         <file>rts430x_lc_sd_eabi.lib</file>
         <name>isr_trap.obj</name>
      </input_file>
      <input_file id="fl-3e">
         <path>C:\ti\ccsv5\tools\compiler\msp430_4.2.1\lib\</path>
         <kind>archive</kind>
         <file>rts430x_lc_sd_eabi.lib</file>
         <name>lsl16.obj</name>
      </input_file>
      <input_file id="fl-3f">
         <path>C:\ti\ccsv5\tools\compiler\msp430_4.2.1\lib\</path>
         <kind>archive</kind>
         <file>rts430x_lc_sd_eabi.lib</file>
         <name>pre_init.obj</name>
      </input_file>
      <input_file id="fl-40">
         <path>C:\ti\ccsv5\tools\compiler\msp430_4.2.1\lib\</path>
         <kind>archive</kind>
         <file>rts430x_lc_sd_eabi.lib</file>
         <name>_lock.obj</name>
      </input_file>
      <input_file id="fl-41">
         <path>C:\ti\ccsv5\tools\compiler\msp430_4.2.1\lib\</path>
         <kind>archive</kind>
         <file>rts430x_lc_sd_eabi.lib</file>
         <name>args_main.obj</name>
      </input_file>
      <input_file id="fl-42">
         <path>C:\ti\ccsv5\tools\compiler\msp430_4.2.1\lib\</path>
         <kind>archive</kind>
         <file>rts430x_lc_sd_eabi.lib</file>
         <name>autoinit.obj</name>
      </input_file>
   </input_file_list>
   <object_component_list>
      <object_component id="oc-8a">
         <name>.stack</name>
         <uninitialized>true</uninitialized>
         <run_address>0x2bac</run_address>
         <size>0x2</size>
         <input_file_ref idref="fl-27"/>
      </object_component>
      <object_component id="oc-254">
         <name>.stack</name>
         <uninitialized>true</uninitialized>
         <run_address>0x2bac</run_address>
         <size>0x0</size>
      </object_component>
      <object_component id="oc-a0">
         <name>.text:main</name>
         <load_address>0x8000</load_address>
         <run_address>0x8000</run_address>
         <size>0x1c8</size>
         <input_file_ref idref="fl-7"/>
      </object_component>
      <object_component id="oc-1bb">
         <name>.text:WriteRfSettings</name>
         <load_address>0x81c8</load_address>
         <run_address>0x81c8</run_address>
         <size>0x1a0</size>
         <input_file_ref idref="fl-4"/>
      </object_component>
      <object_component id="oc-c7">
         <name>.text:__TI_decompress_rle_core</name>
         <load_address>0x8368</load_address>
         <run_address>0x8368</run_address>
         <size>0xd8</size>
         <input_file_ref idref="fl-29"/>
      </object_component>
      <object_component id="oc-1ad">
         <name>.text:SetVCoreUp</name>
         <load_address>0x8440</load_address>
         <run_address>0x8440</run_address>
         <size>0xca</size>
         <input_file_ref idref="fl-2"/>
      </object_component>
      <object_component id="oc-1b2">
         <name>.text:SetVCoreDown</name>
         <load_address>0x850a</load_address>
         <run_address>0x850a</run_address>
         <size>0x9c</size>
         <input_file_ref idref="fl-2"/>
      </object_component>
      <object_component id="oc-f8">
         <name>.text:ButtonUpdate</name>
         <load_address>0x85a6</load_address>
         <run_address>0x85a6</run_address>
         <size>0x92</size>
         <input_file_ref idref="fl-6"/>
      </object_component>
      <object_component id="oc-17d">
         <name>.text:Strobe</name>
         <load_address>0x8638</load_address>
         <run_address>0x8638</run_address>
         <size>0x8e</size>
         <input_file_ref idref="fl-4"/>
      </object_component>
      <object_component id="oc-9b">
         <name>.text:_auto_init</name>
         <load_address>0x86c6</load_address>
         <run_address>0x86c6</run_address>
         <size>0x70</size>
         <input_file_ref idref="fl-42"/>
      </object_component>
      <object_component id="oc-b0">
         <name>.text:_isr:CC1101_ISR</name>
         <load_address>0x8736</load_address>
         <run_address>0x8736</run_address>
         <size>0x5c</size>
         <input_file_ref idref="fl-5"/>
      </object_component>
      <object_component id="oc-125">
         <name>.text:MobileUnitSendPairingRequest</name>
         <load_address>0x8792</load_address>
         <run_address>0x8792</run_address>
         <size>0x58</size>
         <input_file_ref idref="fl-7"/>
      </object_component>
      <object_component id="oc-fe">
         <name>.text</name>
         <load_address>0x87ea</load_address>
         <run_address>0x87ea</run_address>
         <size>0x58</size>
         <input_file_ref idref="fl-2c"/>
      </object_component>
      <object_component id="oc-12d">
         <name>.text:BaseUnitSendPairingResponse</name>
         <load_address>0x8842</load_address>
         <run_address>0x8842</run_address>
         <size>0x48</size>
         <input_file_ref idref="fl-7"/>
      </object_component>
      <object_component id="oc-eb">
         <name>.text:InitButtonLeds</name>
         <load_address>0x888a</load_address>
         <run_address>0x888a</run_address>
         <size>0x42</size>
         <input_file_ref idref="fl-7"/>
      </object_component>
      <object_component id="oc-144">
         <name>.text:ReadBurstReg</name>
         <load_address>0x88cc</load_address>
         <run_address>0x88cc</run_address>
         <size>0x42</size>
         <input_file_ref idref="fl-4"/>
      </object_component>
      <object_component id="oc-163">
         <name>.text:SetVCore</name>
         <load_address>0x890e</load_address>
         <run_address>0x890e</run_address>
         <size>0x40</size>
         <input_file_ref idref="fl-2"/>
      </object_component>
      <object_component id="oc-b5">
         <name>.text:__memcpy_far</name>
         <load_address>0x894e</load_address>
         <run_address>0x894e</run_address>
         <size>0x40</size>
         <input_file_ref idref="fl-2b"/>
      </object_component>
      <object_component id="oc-1d8">
         <name>.text:WriteBurstReg</name>
         <load_address>0x898e</load_address>
         <run_address>0x898e</run_address>
         <size>0x3e</size>
         <input_file_ref idref="fl-4"/>
      </object_component>
      <object_component id="oc-80">
         <name>.text:decompress:ZI:__TI_zero_init</name>
         <load_address>0x89cc</load_address>
         <run_address>0x89cc</run_address>
         <size>0x3e</size>
         <input_file_ref idref="fl-2a"/>
      </object_component>
      <object_component id="oc-7b">
         <name>.text:decompress:none:__TI_decompress_none</name>
         <load_address>0x8a0a</load_address>
         <run_address>0x8a0a</run_address>
         <size>0x3c</size>
         <input_file_ref idref="fl-28"/>
      </object_component>
      <object_component id="oc-191">
         <name>.text:RadioTransmitData</name>
         <load_address>0x8a46</load_address>
         <run_address>0x8a46</run_address>
         <size>0x2c</size>
         <input_file_ref idref="fl-5"/>
      </object_component>
      <object_component id="oc-13d">
         <name>.text:ReadSingleReg</name>
         <load_address>0x8a72</load_address>
         <run_address>0x8a72</run_address>
         <size>0x2c</size>
         <input_file_ref idref="fl-4"/>
      </object_component>
      <object_component id="oc-1ce">
         <name>.text:GetRandomBit</name>
         <load_address>0x8a9e</load_address>
         <run_address>0x8a9e</run_address>
         <size>0x24</size>
         <input_file_ref idref="fl-7"/>
      </object_component>
      <object_component id="oc-120">
         <name>.text:RadioDisableReceive</name>
         <load_address>0x8ac2</load_address>
         <run_address>0x8ac2</run_address>
         <size>0x22</size>
         <input_file_ref idref="fl-5"/>
      </object_component>
      <object_component id="oc-16d">
         <name>.text:RadioPowerSetup</name>
         <load_address>0x8ae4</load_address>
         <run_address>0x8ae4</run_address>
         <size>0x22</size>
         <input_file_ref idref="fl-5"/>
      </object_component>
      <object_component id="oc-1c0">
         <name>.text:WriteSinglePATable</name>
         <load_address>0x8b06</load_address>
         <run_address>0x8b06</run_address>
         <size>0x22</size>
         <input_file_ref idref="fl-4"/>
      </object_component>
      <object_component id="oc-91">
         <name>.text:_isr:PORT1_ISR</name>
         <load_address>0x8b28</load_address>
         <run_address>0x8b28</run_address>
         <size>0x22</size>
         <input_file_ref idref="fl-7"/>
      </object_component>
      <object_component id="oc-18a">
         <name>.text:GetRandomByte</name>
         <load_address>0x8b4a</load_address>
         <run_address>0x8b4a</run_address>
         <size>0x20</size>
         <input_file_ref idref="fl-7"/>
      </object_component>
      <object_component id="oc-105">
         <name>.text:RadioEnableReceive</name>
         <load_address>0x8b6a</load_address>
         <run_address>0x8b6a</run_address>
         <size>0x20</size>
         <input_file_ref idref="fl-5"/>
      </object_component>
      <object_component id="oc-dd">
         <name>.text:ButtonSetPressed</name>
         <load_address>0x8b8a</load_address>
         <run_address>0x8b8a</run_address>
         <size>0x1c</size>
         <input_file_ref idref="fl-6"/>
      </object_component>
      <object_component id="oc-69">
         <name>.text:_isr:_c_int00_noexit</name>
         <load_address>0x8ba6</load_address>
         <run_address>0x8ba6</run_address>
         <size>0x1a</size>
         <input_file_ref idref="fl-27"/>
      </object_component>
      <object_component id="oc-f0">
         <name>.text:InitMillisecondTimer</name>
         <load_address>0x8bc0</load_address>
         <run_address>0x8bc0</run_address>
         <size>0x14</size>
         <input_file_ref idref="fl-7"/>
      </object_component>
      <object_component id="oc-112">
         <name>.text:RadioGetRxBuffer</name>
         <load_address>0x8bd4</load_address>
         <run_address>0x8bd4</run_address>
         <size>0x14</size>
         <input_file_ref idref="fl-5"/>
      </object_component>
      <object_component id="oc-1c6">
         <name>.text:WriteSingleReg</name>
         <load_address>0x8be8</load_address>
         <run_address>0x8be8</run_address>
         <size>0x14</size>
         <input_file_ref idref="fl-4"/>
      </object_component>
      <object_component id="oc-168">
         <name>.text:ResetRadioCore</name>
         <load_address>0x8bfc</load_address>
         <run_address>0x8bfc</run_address>
         <size>0x12</size>
         <input_file_ref idref="fl-4"/>
      </object_component>
      <object_component id="oc-e6">
         <name>.text:RadioSetup</name>
         <load_address>0x8c0e</load_address>
         <run_address>0x8c0e</run_address>
         <size>0x10</size>
         <input_file_ref idref="fl-5"/>
      </object_component>
      <object_component id="oc-85">
         <name>.text:decompress:rle24:__TI_decompress_rle24</name>
         <load_address>0x8c1e</load_address>
         <run_address>0x8c1e</run_address>
         <size>0xe</size>
         <input_file_ref idref="fl-29"/>
      </object_component>
      <object_component id="oc-ab">
         <name>.text:_isr:TIMER1_A0_ISR</name>
         <load_address>0x8c2c</load_address>
         <run_address>0x8c2c</run_address>
         <size>0xa</size>
         <input_file_ref idref="fl-7"/>
      </object_component>
      <object_component id="oc-1d3">
         <name>.text</name>
         <load_address>0x8c36</load_address>
         <run_address>0x8c36</run_address>
         <size>0xa</size>
         <input_file_ref idref="fl-3e"/>
      </object_component>
      <object_component id="oc-10a">
         <name>.text:RadioIsDataAvailable</name>
         <load_address>0x8c40</load_address>
         <run_address>0x8c40</run_address>
         <size>0x6</size>
         <input_file_ref idref="fl-5"/>
      </object_component>
      <object_component id="oc-11b">
         <name>.text:RadioIsReceiving</name>
         <load_address>0x8c46</load_address>
         <run_address>0x8c46</run_address>
         <size>0x6</size>
         <input_file_ref idref="fl-5"/>
      </object_component>
      <object_component id="oc-196">
         <name>.text:RadioIsTransmitting</name>
         <load_address>0x8c4c</load_address>
         <run_address>0x8c4c</run_address>
         <size>0x6</size>
         <input_file_ref idref="fl-5"/>
      </object_component>
      <object_component id="oc-8d">
         <name>.text:__TI_ISR_TRAP</name>
         <load_address>0x8c52</load_address>
         <run_address>0x8c52</run_address>
         <size>0x6</size>
         <input_file_ref idref="fl-3d"/>
      </object_component>
      <object_component id="oc-96">
         <name>.text:_system_pre_init</name>
         <load_address>0x8c58</load_address>
         <run_address>0x8c58</run_address>
         <size>0x4</size>
         <input_file_ref idref="fl-3f"/>
      </object_component>
      <object_component id="oc-a5">
         <name>.text:abort</name>
         <load_address>0x8c5c</load_address>
         <run_address>0x8c5c</run_address>
         <size>0x4</size>
         <input_file_ref idref="fl-2d"/>
      </object_component>
      <object_component id="oc-253">
         <name>.cinit..data.load</name>
         <load_address>0x8c60</load_address>
         <run_address>0x8c60</run_address>
         <size>0x37</size>
      </object_component>
      <object_component id="oc-250">
         <name>__TI_handler_table</name>
         <load_address>0x8c98</load_address>
         <run_address>0x8c98</run_address>
         <size>0xc</size>
      </object_component>
      <object_component id="oc-252">
         <name>.cinit..bss.load</name>
         <load_address>0x8ca4</load_address>
         <run_address>0x8ca4</run_address>
         <size>0x6</size>
      </object_component>
      <object_component id="oc-251">
         <name>__TI_cinit_table</name>
         <load_address>0x8caa</load_address>
         <run_address>0x8caa</run_address>
         <size>0x10</size>
      </object_component>
      <object_component id="oc-64">
         <name>.int45</name>
         <load_address>0xffda</load_address>
         <run_address>0xffda</run_address>
         <size>0x2</size>
         <input_file_ref idref="fl-2e"/>
      </object_component>
      <object_component id="oc-65">
         <name>.int46</name>
         <load_address>0xffdc</load_address>
         <run_address>0xffdc</run_address>
         <size>0x2</size>
         <input_file_ref idref="fl-2f"/>
      </object_component>
      <object_component id="oc-66">
         <name>.int47</name>
         <load_address>0xffde</load_address>
         <run_address>0xffde</run_address>
         <size>0x2</size>
         <input_file_ref idref="fl-30"/>
      </object_component>
      <object_component id="oc-67">
         <name>.int48</name>
         <load_address>0xffe0</load_address>
         <run_address>0xffe0</run_address>
         <size>0x2</size>
         <input_file_ref idref="fl-31"/>
      </object_component>
      <object_component id="oc-68">
         <name>.int49</name>
         <load_address>0xffe2</load_address>
         <run_address>0xffe2</run_address>
         <size>0x2</size>
         <input_file_ref idref="fl-7"/>
      </object_component>
      <object_component id="oc-6e">
         <name>.int50</name>
         <load_address>0xffe4</load_address>
         <run_address>0xffe4</run_address>
         <size>0x2</size>
         <input_file_ref idref="fl-32"/>
      </object_component>
      <object_component id="oc-6f">
         <name>.int51</name>
         <load_address>0xffe6</load_address>
         <run_address>0xffe6</run_address>
         <size>0x2</size>
         <input_file_ref idref="fl-7"/>
      </object_component>
      <object_component id="oc-70">
         <name>.int52</name>
         <load_address>0xffe8</load_address>
         <run_address>0xffe8</run_address>
         <size>0x2</size>
         <input_file_ref idref="fl-33"/>
      </object_component>
      <object_component id="oc-71">
         <name>.int53</name>
         <load_address>0xffea</load_address>
         <run_address>0xffea</run_address>
         <size>0x2</size>
         <input_file_ref idref="fl-5"/>
      </object_component>
      <object_component id="oc-72">
         <name>.int54</name>
         <load_address>0xffec</load_address>
         <run_address>0xffec</run_address>
         <size>0x2</size>
         <input_file_ref idref="fl-34"/>
      </object_component>
      <object_component id="oc-73">
         <name>.int55</name>
         <load_address>0xffee</load_address>
         <run_address>0xffee</run_address>
         <size>0x2</size>
         <input_file_ref idref="fl-35"/>
      </object_component>
      <object_component id="oc-74">
         <name>.int56</name>
         <load_address>0xfff0</load_address>
         <run_address>0xfff0</run_address>
         <size>0x2</size>
         <input_file_ref idref="fl-36"/>
      </object_component>
      <object_component id="oc-75">
         <name>.int57</name>
         <load_address>0xfff2</load_address>
         <run_address>0xfff2</run_address>
         <size>0x2</size>
         <input_file_ref idref="fl-37"/>
      </object_component>
      <object_component id="oc-76">
         <name>.int58</name>
         <load_address>0xfff4</load_address>
         <run_address>0xfff4</run_address>
         <size>0x2</size>
         <input_file_ref idref="fl-38"/>
      </object_component>
      <object_component id="oc-77">
         <name>.int59</name>
         <load_address>0xfff6</load_address>
         <run_address>0xfff6</run_address>
         <size>0x2</size>
         <input_file_ref idref="fl-39"/>
      </object_component>
      <object_component id="oc-78">
         <name>.int60</name>
         <load_address>0xfff8</load_address>
         <run_address>0xfff8</run_address>
         <size>0x2</size>
         <input_file_ref idref="fl-3a"/>
      </object_component>
      <object_component id="oc-79">
         <name>.int61</name>
         <load_address>0xfffa</load_address>
         <run_address>0xfffa</run_address>
         <size>0x2</size>
         <input_file_ref idref="fl-3b"/>
      </object_component>
      <object_component id="oc-7a">
         <name>.int62</name>
         <load_address>0xfffc</load_address>
         <run_address>0xfffc</run_address>
         <size>0x2</size>
         <input_file_ref idref="fl-3c"/>
      </object_component>
      <object_component id="oc-8c">
         <name>.reset</name>
         <load_address>0xfffe</load_address>
         <run_address>0xfffe</run_address>
         <size>0x2</size>
         <input_file_ref idref="fl-27"/>
      </object_component>
      <object_component id="oc-184">
         <name>.common:RxBuffer</name>
         <uninitialized>true</uninitialized>
         <run_address>0x1c4a</run_address>
         <size>0x8</size>
      </object_component>
      <object_component id="oc-136">
         <name>.common:programState</name>
         <uninitialized>true</uninitialized>
         <run_address>0x1c58</run_address>
         <size>0x2</size>
      </object_component>
      <object_component id="oc-110">
         <name>.common:programRole</name>
         <uninitialized>true</uninitialized>
         <run_address>0x1c56</run_address>
         <size>0x2</size>
      </object_component>
      <object_component id="oc-137">
         <name>.common:pairingState</name>
         <uninitialized>true</uninitialized>
         <run_address>0x1c54</run_address>
         <size>0x2</size>
      </object_component>
      <object_component id="oc-19d">
         <name>.common:baseUnitIdentifier</name>
         <uninitialized>true</uninitialized>
         <run_address>0x1c52</run_address>
         <size>0x2</size>
      </object_component>
      <object_component id="oc-db">
         <name>.data</name>
         <load_address>0x1c24</load_address>
         <run_address>0x1c24</run_address>
         <size>0x1c</size>
         <input_file_ref idref="fl-7"/>
      </object_component>
      <object_component id="oc-13b">
         <name>.data</name>
         <load_address>0x1c46</load_address>
         <run_address>0x1c46</run_address>
         <size>0x4</size>
         <input_file_ref idref="fl-5"/>
      </object_component>
      <object_component id="oc-188">
         <name>.data:TxBuffer</name>
         <load_address>0x1c40</load_address>
         <run_address>0x1c40</run_address>
         <size>0x6</size>
         <input_file_ref idref="fl-7"/>
      </object_component>
      <object_component id="oc-1b9">
         <name>.data</name>
         <load_address>0x1c00</load_address>
         <run_address>0x1c00</run_address>
         <size>0x24</size>
         <input_file_ref idref="fl-3"/>
      </object_component>
      <object_component id="oc-6a">
         <name>.debug_aranges</name>
         <load_address>0x0</load_address>
         <run_address>0x0</run_address>
         <size>0x20</size>
         <input_file_ref idref="fl-27"/>
      </object_component>
      <object_component id="oc-7f">
         <name>.debug_aranges</name>
         <load_address>0x20</load_address>
         <run_address>0x20</run_address>
         <size>0x20</size>
         <input_file_ref idref="fl-28"/>
      </object_component>
      <object_component id="oc-84">
         <name>.debug_aranges</name>
         <load_address>0x40</load_address>
         <run_address>0x40</run_address>
         <size>0x20</size>
         <input_file_ref idref="fl-2a"/>
      </object_component>
      <object_component id="oc-87">
         <name>.debug_aranges</name>
         <load_address>0x60</load_address>
         <run_address>0x60</run_address>
         <size>0x20</size>
         <input_file_ref idref="fl-29"/>
      </object_component>
      <object_component id="oc-90">
         <name>.debug_aranges</name>
         <load_address>0x80</load_address>
         <run_address>0x80</run_address>
         <size>0x20</size>
         <input_file_ref idref="fl-3d"/>
      </object_component>
      <object_component id="oc-95">
         <name>.debug_aranges</name>
         <load_address>0xa0</load_address>
         <run_address>0xa0</run_address>
         <size>0x20</size>
         <input_file_ref idref="fl-7"/>
      </object_component>
      <object_component id="oc-9a">
         <name>.debug_aranges</name>
         <load_address>0xc0</load_address>
         <run_address>0xc0</run_address>
         <size>0x20</size>
         <input_file_ref idref="fl-3f"/>
      </object_component>
      <object_component id="oc-9e">
         <name>.debug_aranges</name>
         <load_address>0xe0</load_address>
         <run_address>0xe0</run_address>
         <size>0x20</size>
         <input_file_ref idref="fl-42"/>
      </object_component>
      <object_component id="oc-a4">
         <name>.debug_aranges</name>
         <load_address>0x100</load_address>
         <run_address>0x100</run_address>
         <size>0x20</size>
         <input_file_ref idref="fl-7"/>
      </object_component>
      <object_component id="oc-a6">
         <name>.debug_aranges</name>
         <load_address>0x120</load_address>
         <run_address>0x120</run_address>
         <size>0x20</size>
         <input_file_ref idref="fl-2d"/>
      </object_component>
      <object_component id="oc-af">
         <name>.debug_aranges</name>
         <load_address>0x140</load_address>
         <run_address>0x140</run_address>
         <size>0x20</size>
         <input_file_ref idref="fl-7"/>
      </object_component>
      <object_component id="oc-b4">
         <name>.debug_aranges</name>
         <load_address>0x160</load_address>
         <run_address>0x160</run_address>
         <size>0x20</size>
         <input_file_ref idref="fl-5"/>
      </object_component>
      <object_component id="oc-b8">
         <name>.debug_aranges</name>
         <load_address>0x180</load_address>
         <run_address>0x180</run_address>
         <size>0x20</size>
         <input_file_ref idref="fl-2b"/>
      </object_component>
      <object_component id="oc-cb">
         <name>.debug_aranges</name>
         <load_address>0x1a0</load_address>
         <run_address>0x1a0</run_address>
         <size>0x30</size>
         <input_file_ref idref="fl-29"/>
      </object_component>
      <object_component id="oc-e0">
         <name>.debug_aranges</name>
         <load_address>0x1d0</load_address>
         <run_address>0x1d0</run_address>
         <size>0x20</size>
         <input_file_ref idref="fl-6"/>
      </object_component>
      <object_component id="oc-ea">
         <name>.debug_aranges</name>
         <load_address>0x1f0</load_address>
         <run_address>0x1f0</run_address>
         <size>0x20</size>
         <input_file_ref idref="fl-5"/>
      </object_component>
      <object_component id="oc-ef">
         <name>.debug_aranges</name>
         <load_address>0x210</load_address>
         <run_address>0x210</run_address>
         <size>0x20</size>
         <input_file_ref idref="fl-7"/>
      </object_component>
      <object_component id="oc-f4">
         <name>.debug_aranges</name>
         <load_address>0x230</load_address>
         <run_address>0x230</run_address>
         <size>0x20</size>
         <input_file_ref idref="fl-7"/>
      </object_component>
      <object_component id="oc-f9">
         <name>.debug_aranges</name>
         <load_address>0x250</load_address>
         <run_address>0x250</run_address>
         <size>0x20</size>
         <input_file_ref idref="fl-6"/>
      </object_component>
      <object_component id="oc-101">
         <name>.debug_aranges</name>
         <load_address>0x270</load_address>
         <run_address>0x270</run_address>
         <size>0x20</size>
         <input_file_ref idref="fl-2c"/>
      </object_component>
      <object_component id="oc-109">
         <name>.debug_aranges</name>
         <load_address>0x290</load_address>
         <run_address>0x290</run_address>
         <size>0x20</size>
         <input_file_ref idref="fl-5"/>
      </object_component>
      <object_component id="oc-10e">
         <name>.debug_aranges</name>
         <load_address>0x2b0</load_address>
         <run_address>0x2b0</run_address>
         <size>0x20</size>
         <input_file_ref idref="fl-5"/>
      </object_component>
      <object_component id="oc-116">
         <name>.debug_aranges</name>
         <load_address>0x2d0</load_address>
         <run_address>0x2d0</run_address>
         <size>0x20</size>
         <input_file_ref idref="fl-5"/>
      </object_component>
      <object_component id="oc-11f">
         <name>.debug_aranges</name>
         <load_address>0x2f0</load_address>
         <run_address>0x2f0</run_address>
         <size>0x20</size>
         <input_file_ref idref="fl-5"/>
      </object_component>
      <object_component id="oc-124">
         <name>.debug_aranges</name>
         <load_address>0x310</load_address>
         <run_address>0x310</run_address>
         <size>0x20</size>
         <input_file_ref idref="fl-5"/>
      </object_component>
      <object_component id="oc-129">
         <name>.debug_aranges</name>
         <load_address>0x330</load_address>
         <run_address>0x330</run_address>
         <size>0x20</size>
         <input_file_ref idref="fl-7"/>
      </object_component>
      <object_component id="oc-131">
         <name>.debug_aranges</name>
         <load_address>0x350</load_address>
         <run_address>0x350</run_address>
         <size>0x20</size>
         <input_file_ref idref="fl-7"/>
      </object_component>
      <object_component id="oc-141">
         <name>.debug_aranges</name>
         <load_address>0x370</load_address>
         <run_address>0x370</run_address>
         <size>0x20</size>
         <input_file_ref idref="fl-4"/>
      </object_component>
      <object_component id="oc-148">
         <name>.debug_aranges</name>
         <load_address>0x390</load_address>
         <run_address>0x390</run_address>
         <size>0x20</size>
         <input_file_ref idref="fl-4"/>
      </object_component>
      <object_component id="oc-167">
         <name>.debug_aranges</name>
         <load_address>0x3b0</load_address>
         <run_address>0x3b0</run_address>
         <size>0x20</size>
         <input_file_ref idref="fl-2"/>
      </object_component>
      <object_component id="oc-16c">
         <name>.debug_aranges</name>
         <load_address>0x3d0</load_address>
         <run_address>0x3d0</run_address>
         <size>0x20</size>
         <input_file_ref idref="fl-4"/>
      </object_component>
      <object_component id="oc-171">
         <name>.debug_aranges</name>
         <load_address>0x3f0</load_address>
         <run_address>0x3f0</run_address>
         <size>0x20</size>
         <input_file_ref idref="fl-5"/>
      </object_component>
      <object_component id="oc-180">
         <name>.debug_aranges</name>
         <load_address>0x410</load_address>
         <run_address>0x410</run_address>
         <size>0x20</size>
         <input_file_ref idref="fl-4"/>
      </object_component>
      <object_component id="oc-18e">
         <name>.debug_aranges</name>
         <load_address>0x430</load_address>
         <run_address>0x430</run_address>
         <size>0x20</size>
         <input_file_ref idref="fl-7"/>
      </object_component>
      <object_component id="oc-195">
         <name>.debug_aranges</name>
         <load_address>0x450</load_address>
         <run_address>0x450</run_address>
         <size>0x20</size>
         <input_file_ref idref="fl-5"/>
      </object_component>
      <object_component id="oc-19a">
         <name>.debug_aranges</name>
         <load_address>0x470</load_address>
         <run_address>0x470</run_address>
         <size>0x20</size>
         <input_file_ref idref="fl-5"/>
      </object_component>
      <object_component id="oc-1b0">
         <name>.debug_aranges</name>
         <load_address>0x490</load_address>
         <run_address>0x490</run_address>
         <size>0x20</size>
         <input_file_ref idref="fl-2"/>
      </object_component>
      <object_component id="oc-1b6">
         <name>.debug_aranges</name>
         <load_address>0x4b0</load_address>
         <run_address>0x4b0</run_address>
         <size>0x20</size>
         <input_file_ref idref="fl-2"/>
      </object_component>
      <object_component id="oc-1bf">
         <name>.debug_aranges</name>
         <load_address>0x4d0</load_address>
         <run_address>0x4d0</run_address>
         <size>0x20</size>
         <input_file_ref idref="fl-4"/>
      </object_component>
      <object_component id="oc-1c4">
         <name>.debug_aranges</name>
         <load_address>0x4f0</load_address>
         <run_address>0x4f0</run_address>
         <size>0x20</size>
         <input_file_ref idref="fl-4"/>
      </object_component>
      <object_component id="oc-1c9">
         <name>.debug_aranges</name>
         <load_address>0x510</load_address>
         <run_address>0x510</run_address>
         <size>0x20</size>
         <input_file_ref idref="fl-4"/>
      </object_component>
      <object_component id="oc-1d2">
         <name>.debug_aranges</name>
         <load_address>0x530</load_address>
         <run_address>0x530</run_address>
         <size>0x20</size>
         <input_file_ref idref="fl-7"/>
      </object_component>
      <object_component id="oc-1d5">
         <name>.debug_aranges</name>
         <load_address>0x550</load_address>
         <run_address>0x550</run_address>
         <size>0x20</size>
         <input_file_ref idref="fl-3e"/>
      </object_component>
      <object_component id="oc-1dc">
         <name>.debug_aranges</name>
         <load_address>0x570</load_address>
         <run_address>0x570</run_address>
         <size>0x20</size>
         <input_file_ref idref="fl-4"/>
      </object_component>
      <object_component id="oc-6b">
         <name>.debug_frame</name>
         <load_address>0x0</load_address>
         <run_address>0x0</run_address>
         <size>0x42</size>
         <input_file_ref idref="fl-27"/>
      </object_component>
      <object_component id="oc-7c">
         <name>.debug_frame</name>
         <load_address>0x42</load_address>
         <run_address>0x42</run_address>
         <size>0x56</size>
         <input_file_ref idref="fl-28"/>
      </object_component>
      <object_component id="oc-82">
         <name>.debug_frame</name>
         <load_address>0x98</load_address>
         <run_address>0x98</run_address>
         <size>0x50</size>
         <input_file_ref idref="fl-2a"/>
      </object_component>
      <object_component id="oc-88">
         <name>.debug_frame</name>
         <load_address>0xe8</load_address>
         <run_address>0xe8</run_address>
         <size>0x4d</size>
         <input_file_ref idref="fl-29"/>
      </object_component>
      <object_component id="oc-93">
         <name>.debug_frame</name>
         <load_address>0x135</load_address>
         <run_address>0x135</run_address>
         <size>0x5c</size>
         <input_file_ref idref="fl-7"/>
      </object_component>
      <object_component id="oc-98">
         <name>.debug_frame</name>
         <load_address>0x191</load_address>
         <run_address>0x191</run_address>
         <size>0x47</size>
         <input_file_ref idref="fl-3f"/>
      </object_component>
      <object_component id="oc-9f">
         <name>.debug_frame</name>
         <load_address>0x1d8</load_address>
         <run_address>0x1d8</run_address>
         <size>0x56</size>
         <input_file_ref idref="fl-42"/>
      </object_component>
      <object_component id="oc-a3">
         <name>.debug_frame</name>
         <load_address>0x22e</load_address>
         <run_address>0x22e</run_address>
         <size>0x4f</size>
         <input_file_ref idref="fl-7"/>
      </object_component>
      <object_component id="oc-a8">
         <name>.debug_frame</name>
         <load_address>0x27d</load_address>
         <run_address>0x27d</run_address>
         <size>0x47</size>
         <input_file_ref idref="fl-2d"/>
      </object_component>
      <object_component id="oc-ae">
         <name>.debug_frame</name>
         <load_address>0x2c4</load_address>
         <run_address>0x2c4</run_address>
         <size>0x47</size>
         <input_file_ref idref="fl-7"/>
      </object_component>
      <object_component id="oc-b3">
         <name>.debug_frame</name>
         <load_address>0x30b</load_address>
         <run_address>0x30b</run_address>
         <size>0x5c</size>
         <input_file_ref idref="fl-5"/>
      </object_component>
      <object_component id="oc-c9">
         <name>.debug_frame</name>
         <load_address>0x367</load_address>
         <run_address>0x367</run_address>
         <size>0x83</size>
         <input_file_ref idref="fl-29"/>
      </object_component>
      <object_component id="oc-df">
         <name>.debug_frame</name>
         <load_address>0x3ea</load_address>
         <run_address>0x3ea</run_address>
         <size>0x47</size>
         <input_file_ref idref="fl-6"/>
      </object_component>
      <object_component id="oc-e9">
         <name>.debug_frame</name>
         <load_address>0x431</load_address>
         <run_address>0x431</run_address>
         <size>0x47</size>
         <input_file_ref idref="fl-5"/>
      </object_component>
      <object_component id="oc-ee">
         <name>.debug_frame</name>
         <load_address>0x478</load_address>
         <run_address>0x478</run_address>
         <size>0x47</size>
         <input_file_ref idref="fl-7"/>
      </object_component>
      <object_component id="oc-f3">
         <name>.debug_frame</name>
         <load_address>0x4bf</load_address>
         <run_address>0x4bf</run_address>
         <size>0x47</size>
         <input_file_ref idref="fl-7"/>
      </object_component>
      <object_component id="oc-fc">
         <name>.debug_frame</name>
         <load_address>0x506</load_address>
         <run_address>0x506</run_address>
         <size>0x48</size>
         <input_file_ref idref="fl-6"/>
      </object_component>
      <object_component id="oc-107">
         <name>.debug_frame</name>
         <load_address>0x54e</load_address>
         <run_address>0x54e</run_address>
         <size>0x47</size>
         <input_file_ref idref="fl-5"/>
      </object_component>
      <object_component id="oc-10c">
         <name>.debug_frame</name>
         <load_address>0x595</load_address>
         <run_address>0x595</run_address>
         <size>0x47</size>
         <input_file_ref idref="fl-5"/>
      </object_component>
      <object_component id="oc-115">
         <name>.debug_frame</name>
         <load_address>0x5dc</load_address>
         <run_address>0x5dc</run_address>
         <size>0x47</size>
         <input_file_ref idref="fl-5"/>
      </object_component>
      <object_component id="oc-11e">
         <name>.debug_frame</name>
         <load_address>0x623</load_address>
         <run_address>0x623</run_address>
         <size>0x47</size>
         <input_file_ref idref="fl-5"/>
      </object_component>
      <object_component id="oc-123">
         <name>.debug_frame</name>
         <load_address>0x66a</load_address>
         <run_address>0x66a</run_address>
         <size>0x47</size>
         <input_file_ref idref="fl-5"/>
      </object_component>
      <object_component id="oc-128">
         <name>.debug_frame</name>
         <load_address>0x6b1</load_address>
         <run_address>0x6b1</run_address>
         <size>0x47</size>
         <input_file_ref idref="fl-7"/>
      </object_component>
      <object_component id="oc-130">
         <name>.debug_frame</name>
         <load_address>0x6f8</load_address>
         <run_address>0x6f8</run_address>
         <size>0x47</size>
         <input_file_ref idref="fl-7"/>
      </object_component>
      <object_component id="oc-140">
         <name>.debug_frame</name>
         <load_address>0x73f</load_address>
         <run_address>0x73f</run_address>
         <size>0x47</size>
         <input_file_ref idref="fl-4"/>
      </object_component>
      <object_component id="oc-147">
         <name>.debug_frame</name>
         <load_address>0x786</load_address>
         <run_address>0x786</run_address>
         <size>0x47</size>
         <input_file_ref idref="fl-4"/>
      </object_component>
      <object_component id="oc-166">
         <name>.debug_frame</name>
         <load_address>0x7cd</load_address>
         <run_address>0x7cd</run_address>
         <size>0x53</size>
         <input_file_ref idref="fl-2"/>
      </object_component>
      <object_component id="oc-16b">
         <name>.debug_frame</name>
         <load_address>0x820</load_address>
         <run_address>0x820</run_address>
         <size>0x47</size>
         <input_file_ref idref="fl-4"/>
      </object_component>
      <object_component id="oc-16f">
         <name>.debug_frame</name>
         <load_address>0x867</load_address>
         <run_address>0x867</run_address>
         <size>0x47</size>
         <input_file_ref idref="fl-5"/>
      </object_component>
      <object_component id="oc-181">
         <name>.debug_frame</name>
         <load_address>0x8ae</load_address>
         <run_address>0x8ae</run_address>
         <size>0x54</size>
         <input_file_ref idref="fl-4"/>
      </object_component>
      <object_component id="oc-18c">
         <name>.debug_frame</name>
         <load_address>0x902</load_address>
         <run_address>0x902</run_address>
         <size>0x47</size>
         <input_file_ref idref="fl-7"/>
      </object_component>
      <object_component id="oc-193">
         <name>.debug_frame</name>
         <load_address>0x949</load_address>
         <run_address>0x949</run_address>
         <size>0x47</size>
         <input_file_ref idref="fl-5"/>
      </object_component>
      <object_component id="oc-198">
         <name>.debug_frame</name>
         <load_address>0x990</load_address>
         <run_address>0x990</run_address>
         <size>0x47</size>
         <input_file_ref idref="fl-5"/>
      </object_component>
      <object_component id="oc-1b1">
         <name>.debug_frame</name>
         <load_address>0x9d7</load_address>
         <run_address>0x9d7</run_address>
         <size>0x48</size>
         <input_file_ref idref="fl-2"/>
      </object_component>
      <object_component id="oc-1b4">
         <name>.debug_frame</name>
         <load_address>0xa1f</load_address>
         <run_address>0xa1f</run_address>
         <size>0x48</size>
         <input_file_ref idref="fl-2"/>
      </object_component>
      <object_component id="oc-1be">
         <name>.debug_frame</name>
         <load_address>0xa67</load_address>
         <run_address>0xa67</run_address>
         <size>0x48</size>
         <input_file_ref idref="fl-4"/>
      </object_component>
      <object_component id="oc-1c3">
         <name>.debug_frame</name>
         <load_address>0xaaf</load_address>
         <run_address>0xaaf</run_address>
         <size>0x47</size>
         <input_file_ref idref="fl-4"/>
      </object_component>
      <object_component id="oc-1ca">
         <name>.debug_frame</name>
         <load_address>0xaf6</load_address>
         <run_address>0xaf6</run_address>
         <size>0x47</size>
         <input_file_ref idref="fl-4"/>
      </object_component>
      <object_component id="oc-1d0">
         <name>.debug_frame</name>
         <load_address>0xb3d</load_address>
         <run_address>0xb3d</run_address>
         <size>0x47</size>
         <input_file_ref idref="fl-7"/>
      </object_component>
      <object_component id="oc-1db">
         <name>.debug_frame</name>
         <load_address>0xb84</load_address>
         <run_address>0xb84</run_address>
         <size>0x47</size>
         <input_file_ref idref="fl-4"/>
      </object_component>
      <object_component id="oc-6c">
         <name>.debug_line</name>
         <load_address>0x0</load_address>
         <run_address>0x0</run_address>
         <size>0x44</size>
         <input_file_ref idref="fl-27"/>
      </object_component>
      <object_component id="oc-7e">
         <name>.debug_line</name>
         <load_address>0x44</load_address>
         <run_address>0x44</run_address>
         <size>0x50</size>
         <input_file_ref idref="fl-28"/>
      </object_component>
      <object_component id="oc-83">
         <name>.debug_line</name>
         <load_address>0x94</load_address>
         <run_address>0x94</run_address>
         <size>0x4a</size>
         <input_file_ref idref="fl-2a"/>
      </object_component>
      <object_component id="oc-89">
         <name>.debug_line</name>
         <load_address>0xde</load_address>
         <run_address>0xde</run_address>
         <size>0x4c</size>
         <input_file_ref idref="fl-29"/>
      </object_component>
      <object_component id="oc-8e">
         <name>.debug_line</name>
         <load_address>0x12a</load_address>
         <run_address>0x12a</run_address>
         <size>0x3c</size>
         <input_file_ref idref="fl-3d"/>
      </object_component>
      <object_component id="oc-94">
         <name>.debug_line</name>
         <load_address>0x166</load_address>
         <run_address>0x166</run_address>
         <size>0x51</size>
         <input_file_ref idref="fl-7"/>
      </object_component>
      <object_component id="oc-99">
         <name>.debug_line</name>
         <load_address>0x1b7</load_address>
         <run_address>0x1b7</run_address>
         <size>0x3e</size>
         <input_file_ref idref="fl-3f"/>
      </object_component>
      <object_component id="oc-9d">
         <name>.debug_line</name>
         <load_address>0x1f5</load_address>
         <run_address>0x1f5</run_address>
         <size>0x6c</size>
         <input_file_ref idref="fl-42"/>
      </object_component>
      <object_component id="oc-a2">
         <name>.debug_line</name>
         <load_address>0x261</load_address>
         <run_address>0x261</run_address>
         <size>0x116</size>
         <input_file_ref idref="fl-7"/>
      </object_component>
      <object_component id="oc-a9">
         <name>.debug_line</name>
         <load_address>0x377</load_address>
         <run_address>0x377</run_address>
         <size>0x3a</size>
         <input_file_ref idref="fl-2d"/>
      </object_component>
      <object_component id="oc-ad">
         <name>.debug_line</name>
         <load_address>0x3b1</load_address>
         <run_address>0x3b1</run_address>
         <size>0x4c</size>
         <input_file_ref idref="fl-7"/>
      </object_component>
      <object_component id="oc-b1">
         <name>.debug_line</name>
         <load_address>0x3fd</load_address>
         <run_address>0x3fd</run_address>
         <size>0x6c</size>
         <input_file_ref idref="fl-5"/>
      </object_component>
      <object_component id="oc-b7">
         <name>.debug_line</name>
         <load_address>0x469</load_address>
         <run_address>0x469</run_address>
         <size>0x52</size>
         <input_file_ref idref="fl-2b"/>
      </object_component>
      <object_component id="oc-bc">
         <name>.debug_line</name>
         <load_address>0x4bb</load_address>
         <run_address>0x4bb</run_address>
         <size>0x3a</size>
         <input_file_ref idref="fl-28"/>
      </object_component>
      <object_component id="oc-c3">
         <name>.debug_line</name>
         <load_address>0x4f5</load_address>
         <run_address>0x4f5</run_address>
         <size>0x34</size>
         <input_file_ref idref="fl-2a"/>
      </object_component>
      <object_component id="oc-ca">
         <name>.debug_line</name>
         <load_address>0x529</load_address>
         <run_address>0x529</run_address>
         <size>0x85</size>
         <input_file_ref idref="fl-29"/>
      </object_component>
      <object_component id="oc-d0">
         <name>.debug_line</name>
         <load_address>0x5ae</load_address>
         <run_address>0x5ae</run_address>
         <size>0x39</size>
         <input_file_ref idref="fl-29"/>
      </object_component>
      <object_component id="oc-d4">
         <name>.debug_line</name>
         <load_address>0x5e7</load_address>
         <run_address>0x5e7</run_address>
         <size>0x2a</size>
         <input_file_ref idref="fl-27"/>
      </object_component>
      <object_component id="oc-d7">
         <name>.debug_line</name>
         <load_address>0x611</load_address>
         <run_address>0x611</run_address>
         <size>0x20</size>
         <input_file_ref idref="fl-2"/>
      </object_component>
      <object_component id="oc-de">
         <name>.debug_line</name>
         <load_address>0x631</load_address>
         <run_address>0x631</run_address>
         <size>0x49</size>
         <input_file_ref idref="fl-6"/>
      </object_component>
      <object_component id="oc-e8">
         <name>.debug_line</name>
         <load_address>0x67a</load_address>
         <run_address>0x67a</run_address>
         <size>0x4a</size>
         <input_file_ref idref="fl-5"/>
      </object_component>
      <object_component id="oc-ed">
         <name>.debug_line</name>
         <load_address>0x6c4</load_address>
         <run_address>0x6c4</run_address>
         <size>0x57</size>
         <input_file_ref idref="fl-7"/>
      </object_component>
      <object_component id="oc-f2">
         <name>.debug_line</name>
         <load_address>0x71b</load_address>
         <run_address>0x71b</run_address>
         <size>0x4e</size>
         <input_file_ref idref="fl-7"/>
      </object_component>
      <object_component id="oc-fa">
         <name>.debug_line</name>
         <load_address>0x769</load_address>
         <run_address>0x769</run_address>
         <size>0x73</size>
         <input_file_ref idref="fl-6"/>
      </object_component>
      <object_component id="oc-100">
         <name>.debug_line</name>
         <load_address>0x7dc</load_address>
         <run_address>0x7dc</run_address>
         <size>0x64</size>
         <input_file_ref idref="fl-2c"/>
      </object_component>
      <object_component id="oc-108">
         <name>.debug_line</name>
         <load_address>0x840</load_address>
         <run_address>0x840</run_address>
         <size>0x4e</size>
         <input_file_ref idref="fl-5"/>
      </object_component>
      <object_component id="oc-10d">
         <name>.debug_line</name>
         <load_address>0x88e</load_address>
         <run_address>0x88e</run_address>
         <size>0x4b</size>
         <input_file_ref idref="fl-5"/>
      </object_component>
      <object_component id="oc-114">
         <name>.debug_line</name>
         <load_address>0x8d9</load_address>
         <run_address>0x8d9</run_address>
         <size>0x50</size>
         <input_file_ref idref="fl-5"/>
      </object_component>
      <object_component id="oc-11d">
         <name>.debug_line</name>
         <load_address>0x929</load_address>
         <run_address>0x929</run_address>
         <size>0x4b</size>
         <input_file_ref idref="fl-5"/>
      </object_component>
      <object_component id="oc-122">
         <name>.debug_line</name>
         <load_address>0x974</load_address>
         <run_address>0x974</run_address>
         <size>0x4f</size>
         <input_file_ref idref="fl-5"/>
      </object_component>
      <object_component id="oc-127">
         <name>.debug_line</name>
         <load_address>0x9c3</load_address>
         <run_address>0x9c3</run_address>
         <size>0x5f</size>
         <input_file_ref idref="fl-7"/>
      </object_component>
      <object_component id="oc-12f">
         <name>.debug_line</name>
         <load_address>0xa22</load_address>
         <run_address>0xa22</run_address>
         <size>0x5f</size>
         <input_file_ref idref="fl-7"/>
      </object_component>
      <object_component id="oc-13f">
         <name>.debug_line</name>
         <load_address>0xa81</load_address>
         <run_address>0xa81</run_address>
         <size>0x51</size>
         <input_file_ref idref="fl-4"/>
      </object_component>
      <object_component id="oc-146">
         <name>.debug_line</name>
         <load_address>0xad2</load_address>
         <run_address>0xad2</run_address>
         <size>0x5f</size>
         <input_file_ref idref="fl-4"/>
      </object_component>
      <object_component id="oc-14d">
         <name>.debug_line</name>
         <load_address>0xb31</load_address>
         <run_address>0xb31</run_address>
         <size>0x3a</size>
         <input_file_ref idref="fl-28"/>
      </object_component>
      <object_component id="oc-14f">
         <name>.debug_line</name>
         <load_address>0xb6b</load_address>
         <run_address>0xb6b</run_address>
         <size>0x20</size>
         <input_file_ref idref="fl-2a"/>
      </object_component>
      <object_component id="oc-152">
         <name>.debug_line</name>
         <load_address>0xb8b</load_address>
         <run_address>0xb8b</run_address>
         <size>0x20</size>
         <input_file_ref idref="fl-29"/>
      </object_component>
      <object_component id="oc-154">
         <name>.debug_line</name>
         <load_address>0xbab</load_address>
         <run_address>0xbab</run_address>
         <size>0x36</size>
         <input_file_ref idref="fl-7"/>
      </object_component>
      <object_component id="oc-157">
         <name>.debug_line</name>
         <load_address>0xbe1</load_address>
         <run_address>0xbe1</run_address>
         <size>0x2f</size>
         <input_file_ref idref="fl-6"/>
      </object_component>
      <object_component id="oc-15d">
         <name>.debug_line</name>
         <load_address>0xc10</load_address>
         <run_address>0xc10</run_address>
         <size>0x2e</size>
         <input_file_ref idref="fl-42"/>
      </object_component>
      <object_component id="oc-160">
         <name>.debug_line</name>
         <load_address>0xc3e</load_address>
         <run_address>0xc3e</run_address>
         <size>0x2e</size>
         <input_file_ref idref="fl-42"/>
      </object_component>
      <object_component id="oc-165">
         <name>.debug_line</name>
         <load_address>0xc6c</load_address>
         <run_address>0xc6c</run_address>
         <size>0x58</size>
         <input_file_ref idref="fl-2"/>
      </object_component>
      <object_component id="oc-16a">
         <name>.debug_line</name>
         <load_address>0xcc4</load_address>
         <run_address>0xcc4</run_address>
         <size>0x48</size>
         <input_file_ref idref="fl-4"/>
      </object_component>
      <object_component id="oc-170">
         <name>.debug_line</name>
         <load_address>0xd0c</load_address>
         <run_address>0xd0c</run_address>
         <size>0x4c</size>
         <input_file_ref idref="fl-5"/>
      </object_component>
      <object_component id="oc-176">
         <name>.debug_line</name>
         <load_address>0xd58</load_address>
         <run_address>0xd58</run_address>
         <size>0xbd</size>
         <input_file_ref idref="fl-7"/>
      </object_component>
      <object_component id="oc-179">
         <name>.debug_line</name>
         <load_address>0xe15</load_address>
         <run_address>0xe15</run_address>
         <size>0x36</size>
         <input_file_ref idref="fl-7"/>
      </object_component>
      <object_component id="oc-17e">
         <name>.debug_line</name>
         <load_address>0xe4b</load_address>
         <run_address>0xe4b</run_address>
         <size>0x6b</size>
         <input_file_ref idref="fl-4"/>
      </object_component>
      <object_component id="oc-18d">
         <name>.debug_line</name>
         <load_address>0xeb6</load_address>
         <run_address>0xeb6</run_address>
         <size>0x58</size>
         <input_file_ref idref="fl-7"/>
      </object_component>
      <object_component id="oc-194">
         <name>.debug_line</name>
         <load_address>0xf0e</load_address>
         <run_address>0xf0e</run_address>
         <size>0x4d</size>
         <input_file_ref idref="fl-5"/>
      </object_component>
      <object_component id="oc-199">
         <name>.debug_line</name>
         <load_address>0xf5b</load_address>
         <run_address>0xf5b</run_address>
         <size>0x4b</size>
         <input_file_ref idref="fl-5"/>
      </object_component>
      <object_component id="oc-1a0">
         <name>.debug_line</name>
         <load_address>0xfa6</load_address>
         <run_address>0xfa6</run_address>
         <size>0x35</size>
         <input_file_ref idref="fl-5"/>
      </object_component>
      <object_component id="oc-1a3">
         <name>.debug_line</name>
         <load_address>0xfdb</load_address>
         <run_address>0xfdb</run_address>
         <size>0x11b</size>
         <input_file_ref idref="fl-5"/>
      </object_component>
      <object_component id="oc-1a6">
         <name>.debug_line</name>
         <load_address>0x10f6</load_address>
         <run_address>0x10f6</run_address>
         <size>0x31</size>
         <input_file_ref idref="fl-3"/>
      </object_component>
      <object_component id="oc-1ac">
         <name>.debug_line</name>
         <load_address>0x1127</load_address>
         <run_address>0x1127</run_address>
         <size>0x20</size>
         <input_file_ref idref="fl-6"/>
      </object_component>
      <object_component id="oc-1af">
         <name>.debug_line</name>
         <load_address>0x1147</load_address>
         <run_address>0x1147</run_address>
         <size>0x88</size>
         <input_file_ref idref="fl-2"/>
      </object_component>
      <object_component id="oc-1b5">
         <name>.debug_line</name>
         <load_address>0x11cf</load_address>
         <run_address>0x11cf</run_address>
         <size>0x65</size>
         <input_file_ref idref="fl-2"/>
      </object_component>
      <object_component id="oc-1bd">
         <name>.debug_line</name>
         <load_address>0x1234</load_address>
         <run_address>0x1234</run_address>
         <size>0x69</size>
         <input_file_ref idref="fl-4"/>
      </object_component>
      <object_component id="oc-1c1">
         <name>.debug_line</name>
         <load_address>0x129d</load_address>
         <run_address>0x129d</run_address>
         <size>0x50</size>
         <input_file_ref idref="fl-4"/>
      </object_component>
      <object_component id="oc-1c8">
         <name>.debug_line</name>
         <load_address>0x12ed</load_address>
         <run_address>0x12ed</run_address>
         <size>0x4c</size>
         <input_file_ref idref="fl-4"/>
      </object_component>
      <object_component id="oc-1cd">
         <name>.debug_line</name>
         <load_address>0x1339</load_address>
         <run_address>0x1339</run_address>
         <size>0x36</size>
         <input_file_ref idref="fl-7"/>
      </object_component>
      <object_component id="oc-1d1">
         <name>.debug_line</name>
         <load_address>0x136f</load_address>
         <run_address>0x136f</run_address>
         <size>0x55</size>
         <input_file_ref idref="fl-7"/>
      </object_component>
      <object_component id="oc-1d6">
         <name>.debug_line</name>
         <load_address>0x13c4</load_address>
         <run_address>0x13c4</run_address>
         <size>0x3b</size>
         <input_file_ref idref="fl-3e"/>
      </object_component>
      <object_component id="oc-1da">
         <name>.debug_line</name>
         <load_address>0x13ff</load_address>
         <run_address>0x13ff</run_address>
         <size>0x5f</size>
         <input_file_ref idref="fl-4"/>
      </object_component>
      <object_component id="oc-1e0">
         <name>.debug_line</name>
         <load_address>0x145e</load_address>
         <run_address>0x145e</run_address>
         <size>0x83</size>
         <input_file_ref idref="fl-4"/>
      </object_component>
      <object_component id="oc-1e4">
         <name>.debug_line</name>
         <load_address>0x14e1</load_address>
         <run_address>0x14e1</run_address>
         <size>0x3a</size>
         <input_file_ref idref="fl-3"/>
      </object_component>
      <object_component id="oc-6d">
         <name>.debug_info</name>
         <load_address>0x0</load_address>
         <run_address>0x0</run_address>
         <size>0x125</size>
         <input_file_ref idref="fl-27"/>
      </object_component>
      <object_component id="oc-7d">
         <name>.debug_info</name>
         <load_address>0x125</load_address>
         <run_address>0x125</run_address>
         <size>0x1b4</size>
         <input_file_ref idref="fl-28"/>
      </object_component>
      <object_component id="oc-81">
         <name>.debug_info</name>
         <load_address>0x2d9</load_address>
         <run_address>0x2d9</run_address>
         <size>0x183</size>
         <input_file_ref idref="fl-2a"/>
      </object_component>
      <object_component id="oc-86">
         <name>.debug_info</name>
         <load_address>0x45c</load_address>
         <run_address>0x45c</run_address>
         <size>0x1a7</size>
         <input_file_ref idref="fl-29"/>
      </object_component>
      <object_component id="oc-8b">
         <name>.debug_info</name>
         <load_address>0x603</load_address>
         <run_address>0x603</run_address>
         <size>0xaa</size>
         <input_file_ref idref="fl-27"/>
      </object_component>
      <object_component id="oc-8f">
         <name>.debug_info</name>
         <load_address>0x6ad</load_address>
         <run_address>0x6ad</run_address>
         <size>0xc2</size>
         <input_file_ref idref="fl-3d"/>
      </object_component>
      <object_component id="oc-92">
         <name>.debug_info</name>
         <load_address>0x76f</load_address>
         <run_address>0x76f</run_address>
         <size>0x130</size>
         <input_file_ref idref="fl-7"/>
      </object_component>
      <object_component id="oc-97">
         <name>.debug_info</name>
         <load_address>0x89f</load_address>
         <run_address>0x89f</run_address>
         <size>0xfd</size>
         <input_file_ref idref="fl-3f"/>
      </object_component>
      <object_component id="oc-9c">
         <name>.debug_info</name>
         <load_address>0x99c</load_address>
         <run_address>0x99c</run_address>
         <size>0x176</size>
         <input_file_ref idref="fl-42"/>
      </object_component>
      <object_component id="oc-a1">
         <name>.debug_info</name>
         <load_address>0xb12</load_address>
         <run_address>0xb12</run_address>
         <size>0x2fd</size>
         <input_file_ref idref="fl-7"/>
      </object_component>
      <object_component id="oc-a7">
         <name>.debug_info</name>
         <load_address>0xe0f</load_address>
         <run_address>0xe0f</run_address>
         <size>0xcc</size>
         <input_file_ref idref="fl-2d"/>
      </object_component>
      <object_component id="oc-ac">
         <name>.debug_info</name>
         <load_address>0xedb</load_address>
         <run_address>0xedb</run_address>
         <size>0x121</size>
         <input_file_ref idref="fl-7"/>
      </object_component>
      <object_component id="oc-b2">
         <name>.debug_info</name>
         <load_address>0xffc</load_address>
         <run_address>0xffc</run_address>
         <size>0x13f</size>
         <input_file_ref idref="fl-5"/>
      </object_component>
      <object_component id="oc-b6">
         <name>.debug_info</name>
         <load_address>0x113b</load_address>
         <run_address>0x113b</run_address>
         <size>0xcd</size>
         <input_file_ref idref="fl-2b"/>
      </object_component>
      <object_component id="oc-ba">
         <name>.debug_info</name>
         <load_address>0x1208</load_address>
         <run_address>0x1208</run_address>
         <size>0x46</size>
         <input_file_ref idref="fl-28"/>
      </object_component>
      <object_component id="oc-bf">
         <name>.debug_info</name>
         <load_address>0x124e</load_address>
         <run_address>0x124e</run_address>
         <size>0x184</size>
         <input_file_ref idref="fl-28"/>
      </object_component>
      <object_component id="oc-c1">
         <name>.debug_info</name>
         <load_address>0x13d2</load_address>
         <run_address>0x13d2</run_address>
         <size>0x46</size>
         <input_file_ref idref="fl-2a"/>
      </object_component>
      <object_component id="oc-c6">
         <name>.debug_info</name>
         <load_address>0x1418</load_address>
         <run_address>0x1418</run_address>
         <size>0x17f</size>
         <input_file_ref idref="fl-2a"/>
      </object_component>
      <object_component id="oc-c8">
         <name>.debug_info</name>
         <load_address>0x1597</load_address>
         <run_address>0x1597</run_address>
         <size>0x266</size>
         <input_file_ref idref="fl-29"/>
      </object_component>
      <object_component id="oc-cd">
         <name>.debug_info</name>
         <load_address>0x17fd</load_address>
         <run_address>0x17fd</run_address>
         <size>0x189</size>
         <input_file_ref idref="fl-29"/>
      </object_component>
      <object_component id="oc-ce">
         <name>.debug_info</name>
         <load_address>0x1986</load_address>
         <run_address>0x1986</run_address>
         <size>0x39</size>
         <input_file_ref idref="fl-29"/>
      </object_component>
      <object_component id="oc-d5">
         <name>.debug_info</name>
         <load_address>0x19bf</load_address>
         <run_address>0x19bf</run_address>
         <size>0x84</size>
         <input_file_ref idref="fl-2"/>
      </object_component>
      <object_component id="oc-dc">
         <name>.debug_info</name>
         <load_address>0x1a43</load_address>
         <run_address>0x1a43</run_address>
         <size>0x19c</size>
         <input_file_ref idref="fl-7"/>
      </object_component>
      <object_component id="oc-e1">
         <name>.debug_info</name>
         <load_address>0x1bdf</load_address>
         <run_address>0x1bdf</run_address>
         <size>0x13f</size>
         <input_file_ref idref="fl-6"/>
      </object_component>
      <object_component id="oc-e5">
         <name>.debug_info</name>
         <load_address>0x1d1e</load_address>
         <run_address>0x1d1e</run_address>
         <size>0x2e0</size>
         <input_file_ref idref="fl-42"/>
      </object_component>
      <object_component id="oc-e7">
         <name>.debug_info</name>
         <load_address>0x1ffe</load_address>
         <run_address>0x1ffe</run_address>
         <size>0x151</size>
         <input_file_ref idref="fl-5"/>
      </object_component>
      <object_component id="oc-ec">
         <name>.debug_info</name>
         <load_address>0x214f</load_address>
         <run_address>0x214f</run_address>
         <size>0x122</size>
         <input_file_ref idref="fl-7"/>
      </object_component>
      <object_component id="oc-f1">
         <name>.debug_info</name>
         <load_address>0x2271</load_address>
         <run_address>0x2271</run_address>
         <size>0x12e</size>
         <input_file_ref idref="fl-7"/>
      </object_component>
      <object_component id="oc-f6">
         <name>.debug_info</name>
         <load_address>0x239f</load_address>
         <run_address>0x239f</run_address>
         <size>0x746</size>
         <input_file_ref idref="fl-7"/>
      </object_component>
      <object_component id="oc-fb">
         <name>.debug_info</name>
         <load_address>0x2ae5</load_address>
         <run_address>0x2ae5</run_address>
         <size>0x1a9</size>
         <input_file_ref idref="fl-6"/>
      </object_component>
      <object_component id="oc-ff">
         <name>.debug_info</name>
         <load_address>0x2c8e</load_address>
         <run_address>0x2c8e</run_address>
         <size>0xd6</size>
         <input_file_ref idref="fl-2c"/>
      </object_component>
      <object_component id="oc-106">
         <name>.debug_info</name>
         <load_address>0x2d64</load_address>
         <run_address>0x2d64</run_address>
         <size>0x134</size>
         <input_file_ref idref="fl-5"/>
      </object_component>
      <object_component id="oc-10b">
         <name>.debug_info</name>
         <load_address>0x2e98</load_address>
         <run_address>0x2e98</run_address>
         <size>0x12f</size>
         <input_file_ref idref="fl-5"/>
      </object_component>
      <object_component id="oc-113">
         <name>.debug_info</name>
         <load_address>0x2fc7</load_address>
         <run_address>0x2fc7</run_address>
         <size>0x127</size>
         <input_file_ref idref="fl-5"/>
      </object_component>
      <object_component id="oc-11c">
         <name>.debug_info</name>
         <load_address>0x30ee</load_address>
         <run_address>0x30ee</run_address>
         <size>0x127</size>
         <input_file_ref idref="fl-5"/>
      </object_component>
      <object_component id="oc-121">
         <name>.debug_info</name>
         <load_address>0x3215</load_address>
         <run_address>0x3215</run_address>
         <size>0x143</size>
         <input_file_ref idref="fl-5"/>
      </object_component>
      <object_component id="oc-126">
         <name>.debug_info</name>
         <load_address>0x3358</load_address>
         <run_address>0x3358</run_address>
         <size>0x1e3</size>
         <input_file_ref idref="fl-7"/>
      </object_component>
      <object_component id="oc-12e">
         <name>.debug_info</name>
         <load_address>0x353b</load_address>
         <run_address>0x353b</run_address>
         <size>0x1bb</size>
         <input_file_ref idref="fl-7"/>
      </object_component>
      <object_component id="oc-13c">
         <name>.debug_info</name>
         <load_address>0x36f6</load_address>
         <run_address>0x36f6</run_address>
         <size>0x15e</size>
         <input_file_ref idref="fl-5"/>
      </object_component>
      <object_component id="oc-13e">
         <name>.debug_info</name>
         <load_address>0x3854</load_address>
         <run_address>0x3854</run_address>
         <size>0x150</size>
         <input_file_ref idref="fl-4"/>
      </object_component>
      <object_component id="oc-143">
         <name>.debug_info</name>
         <load_address>0x39a4</load_address>
         <run_address>0x39a4</run_address>
         <size>0x450</size>
         <input_file_ref idref="fl-5"/>
      </object_component>
      <object_component id="oc-145">
         <name>.debug_info</name>
         <load_address>0x3df4</load_address>
         <run_address>0x3df4</run_address>
         <size>0x17b</size>
         <input_file_ref idref="fl-4"/>
      </object_component>
      <object_component id="oc-155">
         <name>.debug_info</name>
         <load_address>0x3f6f</load_address>
         <run_address>0x3f6f</run_address>
         <size>0x11a</size>
         <input_file_ref idref="fl-6"/>
      </object_component>
      <object_component id="oc-15b">
         <name>.debug_info</name>
         <load_address>0x4089</load_address>
         <run_address>0x4089</run_address>
         <size>0x12a</size>
         <input_file_ref idref="fl-6"/>
      </object_component>
      <object_component id="oc-15e">
         <name>.debug_info</name>
         <load_address>0x41b3</load_address>
         <run_address>0x41b3</run_address>
         <size>0x39</size>
         <input_file_ref idref="fl-42"/>
      </object_component>
      <object_component id="oc-164">
         <name>.debug_info</name>
         <load_address>0x41ec</load_address>
         <run_address>0x41ec</run_address>
         <size>0x18c</size>
         <input_file_ref idref="fl-2"/>
      </object_component>
      <object_component id="oc-169">
         <name>.debug_info</name>
         <load_address>0x4378</load_address>
         <run_address>0x4378</run_address>
         <size>0x12d</size>
         <input_file_ref idref="fl-4"/>
      </object_component>
      <object_component id="oc-16e">
         <name>.debug_info</name>
         <load_address>0x44a5</load_address>
         <run_address>0x44a5</run_address>
         <size>0x150</size>
         <input_file_ref idref="fl-5"/>
      </object_component>
      <object_component id="oc-177">
         <name>.debug_info</name>
         <load_address>0x45f5</load_address>
         <run_address>0x45f5</run_address>
         <size>0x97</size>
         <input_file_ref idref="fl-7"/>
      </object_component>
      <object_component id="oc-17f">
         <name>.debug_info</name>
         <load_address>0x468c</load_address>
         <run_address>0x468c</run_address>
         <size>0x1a7</size>
         <input_file_ref idref="fl-4"/>
      </object_component>
      <object_component id="oc-189">
         <name>.debug_info</name>
         <load_address>0x4833</load_address>
         <run_address>0x4833</run_address>
         <size>0xda</size>
         <input_file_ref idref="fl-7"/>
      </object_component>
      <object_component id="oc-18b">
         <name>.debug_info</name>
         <load_address>0x490d</load_address>
         <run_address>0x490d</run_address>
         <size>0x171</size>
         <input_file_ref idref="fl-7"/>
      </object_component>
      <object_component id="oc-192">
         <name>.debug_info</name>
         <load_address>0x4a7e</load_address>
         <run_address>0x4a7e</run_address>
         <size>0x19a</size>
         <input_file_ref idref="fl-5"/>
      </object_component>
      <object_component id="oc-197">
         <name>.debug_info</name>
         <load_address>0x4c18</load_address>
         <run_address>0x4c18</run_address>
         <size>0x12d</size>
         <input_file_ref idref="fl-5"/>
      </object_component>
      <object_component id="oc-1a4">
         <name>.debug_info</name>
         <load_address>0x4d45</load_address>
         <run_address>0x4d45</run_address>
         <size>0x2f6</size>
         <input_file_ref idref="fl-3"/>
      </object_component>
      <object_component id="oc-1aa">
         <name>.debug_info</name>
         <load_address>0x503b</load_address>
         <run_address>0x503b</run_address>
         <size>0x2bf</size>
         <input_file_ref idref="fl-4"/>
      </object_component>
      <object_component id="oc-1ae">
         <name>.debug_info</name>
         <load_address>0x52fa</load_address>
         <run_address>0x52fa</run_address>
         <size>0x188</size>
         <input_file_ref idref="fl-2"/>
      </object_component>
      <object_component id="oc-1b3">
         <name>.debug_info</name>
         <load_address>0x5482</load_address>
         <run_address>0x5482</run_address>
         <size>0x165</size>
         <input_file_ref idref="fl-2"/>
      </object_component>
      <object_component id="oc-1ba">
         <name>.debug_info</name>
         <load_address>0x55e7</load_address>
         <run_address>0x55e7</run_address>
         <size>0xe2</size>
         <input_file_ref idref="fl-3"/>
      </object_component>
      <object_component id="oc-1bc">
         <name>.debug_info</name>
         <load_address>0x56c9</load_address>
         <run_address>0x56c9</run_address>
         <size>0x432</size>
         <input_file_ref idref="fl-4"/>
      </object_component>
[...]
         <value>0x167</value>
      </symbol>
      <symbol id="sm-28f">
         <name>UCSCTL4</name>
         <value>0x168</value>
      </symbol>
      <symbol id="sm-290">
         <name>UCSCTL4_L</name>
         <value>0x168</value>
      </symbol>
      <symbol id="sm-291">
         <name>UCSCTL4_H</name>
         <value>0x169</value>
      </symbol>
      <symbol id="sm-292">
         <name>UCSCTL5</name>
         <value>0x16a</value>
      </symbol>
      <symbol id="sm-293">
         <name>UCSCTL5_L</name>
         <value>0x16a</value>
      </symbol>
      <symbol id="sm-294">
         <name>UCSCTL5_H</name>
         <value>0x16b</value>
      </symbol>
      <symbol id="sm-295">
         <name>UCSCTL6</name>
         <value>0x16c</value>
      </symbol>
      <symbol id="sm-296">
         <name>UCSCTL6_L</name>
         <value>0x16c</value>
      </symbol>
      <symbol id="sm-297">
         <name>UCSCTL6_H</name>
         <value>0x16d</value>
      </symbol>
      <symbol id="sm-298">
         <name>UCSCTL7</name>
         <value>0x16e</value>
      </symbol>
      <symbol id="sm-299">
         <name>UCSCTL7_L</name>
         <value>0x16e</value>
      </symbol>
      <symbol id="sm-29a">
         <name>UCSCTL7_H</name>
         <value>0x16f</value>
      </symbol>
      <symbol id="sm-29b">
         <name>UCSCTL8</name>
         <value>0x170</value>
      </symbol>
      <symbol id="sm-29c">
         <name>UCSCTL8_L</name>
         <value>0x170</value>
      </symbol>
      <symbol id="sm-29d">
         <name>UCSCTL8_H</name>
         <value>0x171</value>
      </symbol>
      <symbol id="sm-29e">
         <name>UCA0CTLW0</name>
         <value>0x5c0</value>
      </symbol>
      <symbol id="sm-29f">
         <name>UCA0CTLW0_L</name>
         <value>0x5c0</value>
      </symbol>
      <symbol id="sm-2a0">
         <name>UCA0CTLW0_H</name>
         <value>0x5c1</value>
      </symbol>
      <symbol id="sm-2a1">
         <name>UCA0BRW</name>
         <value>0x5c6</value>
      </symbol>
      <symbol id="sm-2a2">
         <name>UCA0BRW_L</name>
         <value>0x5c6</value>
      </symbol>
      <symbol id="sm-2a3">
         <name>UCA0BRW_H</name>
         <value>0x5c7</value>
      </symbol>
      <symbol id="sm-2a4">
         <name>UCA0MCTL</name>
         <value>0x5c8</value>
      </symbol>
      <symbol id="sm-2a5">
         <name>UCA0STAT</name>
         <value>0x5ca</value>
      </symbol>
      <symbol id="sm-2a6">
         <name>UCA0RXBUF</name>
         <value>0x5cc</value>
      </symbol>
      <symbol id="sm-2a7">
         <name>UCA0TXBUF</name>
         <value>0x5ce</value>
      </symbol>
      <symbol id="sm-2a8">
         <name>UCA0ABCTL</name>
         <value>0x5d0</value>
      </symbol>
      <symbol id="sm-2a9">
         <name>UCA0IRCTL</name>
         <value>0x5d2</value>
      </symbol>
      <symbol id="sm-2aa">
         <name>UCA0IRCTL_L</name>
         <value>0x5d2</value>
      </symbol>
      <symbol id="sm-2ab">
         <name>UCA0IRCTL_H</name>
         <value>0x5d3</value>
      </symbol>
      <symbol id="sm-2ac">
         <name>UCA0ICTL</name>
         <value>0x5dc</value>
      </symbol>
      <symbol id="sm-2ad">
         <name>UCA0ICTL_L</name>
         <value>0x5dc</value>
      </symbol>
      <symbol id="sm-2ae">
         <name>UCA0ICTL_H</name>
         <value>0x5dd</value>
      </symbol>
      <symbol id="sm-2af">
         <name>UCA0IV</name>
         <value>0x5de</value>
      </symbol>
      <symbol id="sm-2b0">
         <name>UCB0CTLW0</name>
         <value>0x5e0</value>
      </symbol>
      <symbol id="sm-2b1">
         <name>UCB0CTLW0_L</name>
         <value>0x5e0</value>
      </symbol>
      <symbol id="sm-2b2">
         <name>UCB0CTLW0_H</name>
         <value>0x5e1</value>
      </symbol>
      <symbol id="sm-2b3">
         <name>UCB0BRW</name>
         <value>0x5e6</value>
      </symbol>
      <symbol id="sm-2b4">
         <name>UCB0BRW_L</name>
         <value>0x5e6</value>
      </symbol>
      <symbol id="sm-2b5">
         <name>UCB0BRW_H</name>
         <value>0x5e7</value>
      </symbol>
      <symbol id="sm-2b6">
         <name>UCB0STAT</name>
         <value>0x5ea</value>
      </symbol>
      <symbol id="sm-2b7">
         <name>UCB0RXBUF</name>
         <value>0x5ec</value>
      </symbol>
      <symbol id="sm-2b8">
         <name>UCB0TXBUF</name>
         <value>0x5ee</value>
      </symbol>
      <symbol id="sm-2b9">
         <name>UCB0I2COA</name>
         <value>0x5f0</value>
      </symbol>
      <symbol id="sm-2ba">
         <name>UCB0I2COA_L</name>
         <value>0x5f0</value>
      </symbol>
      <symbol id="sm-2bb">
         <name>UCB0I2COA_H</name>
         <value>0x5f1</value>
      </symbol>
      <symbol id="sm-2bc">
         <name>UCB0I2CSA</name>
         <value>0x5f2</value>
      </symbol>
      <symbol id="sm-2bd">
         <name>UCB0I2CSA_L</name>
         <value>0x5f2</value>
      </symbol>
      <symbol id="sm-2be">
         <name>UCB0I2CSA_H</name>
         <value>0x5f3</value>
      </symbol>
      <symbol id="sm-2bf">
         <name>UCB0ICTL</name>
         <value>0x5fc</value>
      </symbol>
      <symbol id="sm-2c0">
         <name>UCB0ICTL_L</name>
         <value>0x5fc</value>
      </symbol>
      <symbol id="sm-2c1">
         <name>UCB0ICTL_H</name>
         <value>0x5fd</value>
      </symbol>
      <symbol id="sm-2c2">
         <name>UCB0IV</name>
         <value>0x5fe</value>
      </symbol>
      <symbol id="sm-2c3">
         <name>WDTCTL</name>
         <value>0x15c</value>
      </symbol>
      <symbol id="sm-2c4">
         <name>WDTCTL_L</name>
         <value>0x15c</value>
      </symbol>
      <symbol id="sm-2c5">
         <name>WDTCTL_H</name>
         <value>0x15d</value>
      </symbol>
      <symbol id="sm-2c6">
         <name>__TI_CINIT_Base</name>
         <value>0x8caa</value>
      </symbol>
      <symbol id="sm-2c7">
         <name>__TI_CINIT_Limit</name>
         <value>0x8cba</value>
      </symbol>
      <symbol id="sm-2c8">
         <name>__TI_Handler_Table_Base</name>
         <value>0x8c98</value>
      </symbol>
      <symbol id="sm-2c9">
         <name>__TI_Handler_Table_Limit</name>
         <value>0x8ca4</value>
      </symbol>
      <symbol id="sm-2ca">
         <name>binit</name>
         <value>0xffffffff</value>
      </symbol>
      <symbol id="sm-2cb">
         <name>__binit__</name>
         <value>0xffffffff</value>
      </symbol>
      <symbol id="sm-2cc">
         <name>__STACK_SIZE</name>
         <value>0x50</value>
      </symbol>
      <symbol id="sm-2cd">
         <name>__STACK_END</name>
         <value>0x2bfc</value>
      </symbol>
      <symbol id="sm-2ce">
         <name>__c_args__</name>
         <value>0xffffffff</value>
      </symbol>
      <symbol id="sm-34f">
         <name>SetVCore</name>
         <value>0x890e</value>
         <object_component_ref idref="oc-163"/>
      </symbol>
      <symbol id="sm-350">
         <name>SetVCoreDown</name>
         <value>0x850a</value>
         <object_component_ref idref="oc-1b2"/>
      </symbol>
      <symbol id="sm-351">
         <name>SetVCoreUp</name>
         <value>0x8440</value>
         <object_component_ref idref="oc-1ad"/>
      </symbol>
      <symbol id="sm-35c">
         <name>rfSettings</name>
         <value>0x1c00</value>
         <object_component_ref idref="oc-1b9"/>
      </symbol>
      <symbol id="sm-3a8">
         <name>WriteRfSettings</name>
         <value>0x81c8</value>
         <object_component_ref idref="oc-1bb"/>
      </symbol>
      <symbol id="sm-3a9">
         <name>Strobe</name>
         <value>0x8638</value>
         <object_component_ref idref="oc-17d"/>
      </symbol>
      <symbol id="sm-3aa">
         <name>WriteSingleReg</name>
         <value>0x8be8</value>
         <object_component_ref idref="oc-1c6"/>
      </symbol>
      <symbol id="sm-3ab">
         <name>WriteSinglePATable</name>
         <value>0x8b06</value>
         <object_component_ref idref="oc-1c0"/>
      </symbol>
      <symbol id="sm-3ac">
         <name>ReadSingleReg</name>
         <value>0x8a72</value>
         <object_component_ref idref="oc-13d"/>
      </symbol>
      <symbol id="sm-3ad">
         <name>WriteBurstReg</name>
         <value>0x898e</value>
         <object_component_ref idref="oc-1d8"/>
      </symbol>
      <symbol id="sm-3ae">
         <name>ReadBurstReg</name>
         <value>0x88cc</value>
         <object_component_ref idref="oc-144"/>
      </symbol>
      <symbol id="sm-3af">
         <name>ResetRadioCore</name>
         <value>0x8bfc</value>
         <object_component_ref idref="oc-168"/>
      </symbol>
      <symbol id="sm-3fb">
         <name>RxBuffer</name>
         <value>0x1c4a</value>
      </symbol>
      <symbol id="sm-3fc">
         <name>CC1101_ISR</name>
         <value>0x8736</value>
         <object_component_ref idref="oc-b0"/>
      </symbol>
      <symbol id="sm-3fd">
         <name>transmitting</name>
         <value>0x1c47</value>
         <object_component_ref idref="oc-13b"/>
      </symbol>
      <symbol id="sm-3fe">
         <name>receiving</name>
         <value>0x1c48</value>
         <object_component_ref idref="oc-13b"/>
      </symbol>
      <symbol id="sm-3ff">
         <name>__TI_int53</name>
         <value>0xffea</value>
         <object_component_ref idref="oc-71"/>
      </symbol>
      <symbol id="sm-400">
         <name>RxBufferLength</name>
         <value>0x1c46</value>
         <object_component_ref idref="oc-13b"/>
      </symbol>
      <symbol id="sm-401">
         <name>RadioPowerSetup</name>
         <value>0x8ae4</value>
         <object_component_ref idref="oc-16d"/>
      </symbol>
      <symbol id="sm-402">
         <name>RadioTransmitData</name>
         <value>0x8a46</value>
         <object_component_ref idref="oc-191"/>
      </symbol>
      <symbol id="sm-403">
         <name>RadioIsDataAvailable</name>
         <value>0x8c40</value>
         <object_component_ref idref="oc-10a"/>
      </symbol>
      <symbol id="sm-404">
         <name>RadioGetRxBuffer</name>
         <value>0x8bd4</value>
         <object_component_ref idref="oc-112"/>
      </symbol>
      <symbol id="sm-405">
         <name>RadioSetup</name>
         <value>0x8c0e</value>
         <object_component_ref idref="oc-e6"/>
      </symbol>
      <symbol id="sm-406">
         <name>RadioIsReceiving</name>
         <value>0x8c46</value>
         <object_component_ref idref="oc-11b"/>
      </symbol>
      <symbol id="sm-407">
         <name>data_available</name>
         <value>0x1c49</value>
         <object_component_ref idref="oc-13b"/>
      </symbol>
      <symbol id="sm-408">
         <name>RadioEnableReceive</name>
         <value>0x8b6a</value>
         <object_component_ref idref="oc-105"/>
      </symbol>
      <symbol id="sm-409">
         <name>RadioIsTransmitting</name>
         <value>0x8c4c</value>
         <object_component_ref idref="oc-196"/>
      </symbol>
      <symbol id="sm-40a">
         <name>RadioDisableReceive</name>
         <value>0x8ac2</value>
         <object_component_ref idref="oc-120"/>
      </symbol>
      <symbol id="sm-427">
         <name>ButtonSetPressed</name>
         <value>0x8b8a</value>
         <object_component_ref idref="oc-dd"/>
      </symbol>
      <symbol id="sm-428">
         <name>ButtonUpdate</name>
         <value>0x85a6</value>
         <object_component_ref idref="oc-f8"/>
      </symbol>
      <symbol id="sm-487">
         <name>programState</name>
         <value>0x1c58</value>
      </symbol>
      <symbol id="sm-488">
         <name>programRole</name>
         <value>0x1c56</value>
      </symbol>
      <symbol id="sm-489">
         <name>pairingState</name>
         <value>0x1c54</value>
      </symbol>
      <symbol id="sm-48a">
         <name>baseUnitIdentifier</name>
         <value>0x1c52</value>
      </symbol>
      <symbol id="sm-48b">
         <name>MobileUnitSendPairingRequest</name>
         <value>0x8792</value>
         <object_component_ref idref="oc-125"/>
      </symbol>
      <symbol id="sm-48c">
         <name>GetRandomBit</name>
         <value>0x8a9e</value>
         <object_component_ref idref="oc-1ce"/>
      </symbol>
      <symbol id="sm-48d">
         <name>lastTimeMS</name>
         <value>0x1c34</value>
         <object_component_ref idref="oc-db"/>
      </symbol>
      <symbol id="sm-48e">
         <name>pairingModeStartTime</name>
         <value>0x1c38</value>
         <object_component_ref idref="oc-db"/>
      </symbol>
      <symbol id="sm-48f">
         <name>TIMER1_A0_ISR</name>
         <value>0x8c2c</value>
         <object_component_ref idref="oc-ab"/>
      </symbol>
      <symbol id="sm-490">
         <name>InitButtonLeds</name>
         <value>0x888a</value>
         <object_component_ref idref="oc-eb"/>
      </symbol>
      <symbol id="sm-491">
         <name>GetRandomByte</name>
         <value>0x8b4a</value>
         <object_component_ref idref="oc-18a"/>
      </symbol>
      <symbol id="sm-492">
         <name>__TI_int49</name>
         <value>0xffe2</value>
         <object_component_ref idref="oc-68"/>
      </symbol>
      <symbol id="sm-493">
         <name>__TI_int51</name>
         <value>0xffe6</value>
         <object_component_ref idref="oc-6f"/>
      </symbol>
      <symbol id="sm-494">
         <name>PORT1_ISR</name>
         <value>0x8b28</value>
         <object_component_ref idref="oc-91"/>
      </symbol>
      <symbol id="sm-495">
         <name>TxBuffer</name>
         <value>0x1c40</value>
         <object_component_ref idref="oc-188"/>
      </symbol>
      <symbol id="sm-496">
         <name>currentTimeMS</name>
         <value>0x1c30</value>
         <object_component_ref idref="oc-db"/>
      </symbol>
      <symbol id="sm-497">
         <name>main</name>
         <value>0x8000</value>
         <object_component_ref idref="oc-a0"/>
      </symbol>
      <symbol id="sm-498">
         <name>BaseUnitSendPairingResponse</name>
         <value>0x8842</value>
         <object_component_ref idref="oc-12d"/>
      </symbol>
      <symbol id="sm-499">
         <name>pairingButton</name>
         <value>0x1c24</value>
         <object_component_ref idref="oc-db"/>
      </symbol>
      <symbol id="sm-49a">
         <name>InitMillisecondTimer</name>
         <value>0x8bc0</value>
         <object_component_ref idref="oc-f0"/>
      </symbol>
      <symbol id="sm-49b">
         <name>ledBlinkCounter</name>
         <value>0x1c3c</value>
         <object_component_ref idref="oc-db"/>
      </symbol>
      <symbol id="sm-4a9">
         <name>_c_int00_noexit</name>
         <value>0x8ba6</value>
         <object_component_ref idref="oc-69"/>
      </symbol>
      <symbol id="sm-4aa">
         <name>_c_int00</name>
         <value>0x8ba6</value>
         <object_component_ref idref="oc-69"/>
      </symbol>
      <symbol id="sm-4ab">
         <name>_stack</name>
         <value>0x2bac</value>
         <object_component_ref idref="oc-8a"/>
      </symbol>
      <symbol id="sm-4ac">
         <name>_reset_vector</name>
         <value>0xfffe</value>
         <object_component_ref idref="oc-8c"/>
      </symbol>
      <symbol id="sm-4bc">
         <name>__TI_decompress_none</name>
         <value>0x8a0a</value>
         <object_component_ref idref="oc-7b"/>
      </symbol>
      <symbol id="sm-4de">
         <name>__TI_decompress_rle24</name>
         <value>0x8c1e</value>
         <object_component_ref idref="oc-85"/>
      </symbol>
      <symbol id="sm-4f0">
         <name>__TI_zero_init</name>
         <value>0x89cc</value>
         <object_component_ref idref="oc-80"/>
      </symbol>
      <symbol id="sm-4fa">
         <name>__memcpy_far</name>
         <value>0x894e</value>
         <object_component_ref idref="oc-b5"/>
      </symbol>
      <symbol id="sm-507">
         <name>__mspabi_remul</name>
         <value>0x87ea</value>
         <object_component_ref idref="oc-fe"/>
      </symbol>
      <symbol id="sm-508">
         <name>__mspabi_divul</name>
         <value>0x87ea</value>
         <object_component_ref idref="oc-fe"/>
      </symbol>
      <symbol id="sm-511">
         <name>C$$EXIT</name>
         <value>0x8c5c</value>
         <object_component_ref idref="oc-a5"/>
      </symbol>
      <symbol id="sm-512">
         <name>abort</name>
         <value>0x8c5c</value>
         <object_component_ref idref="oc-a5"/>
      </symbol>
      <symbol id="sm-515">
         <name>__TI_int45</name>
         <value>0xffda</value>
         <object_component_ref idref="oc-64"/>
      </symbol>
      <symbol id="sm-518">
         <name>__TI_int46</name>
         <value>0xffdc</value>
         <object_component_ref idref="oc-65"/>
      </symbol>
      <symbol id="sm-51b">
         <name>__TI_int47</name>
         <value>0xffde</value>
         <object_component_ref idref="oc-66"/>
      </symbol>
      <symbol id="sm-51e">
         <name>__TI_int48</name>
         <value>0xffe0</value>
         <object_component_ref idref="oc-67"/>
      </symbol>
      <symbol id="sm-521">
         <name>__TI_int50</name>
         <value>0xffe4</value>
         <object_component_ref idref="oc-6e"/>
      </symbol>
      <symbol id="sm-524">
         <name>__TI_int52</name>
         <value>0xffe8</value>
         <object_component_ref idref="oc-70"/>
      </symbol>
      <symbol id="sm-527">
         <name>__TI_int54</name>
         <value>0xffec</value>
         <object_component_ref idref="oc-72"/>
      </symbol>
      <symbol id="sm-52a">
         <name>__TI_int55</name>
         <value>0xffee</value>
         <object_component_ref idref="oc-73"/>
      </symbol>
      <symbol id="sm-52d">
         <name>__TI_int56</name>
         <value>0xfff0</value>
         <object_component_ref idref="oc-74"/>
      </symbol>
      <symbol id="sm-530">
         <name>__TI_int57</name>
         <value>0xfff2</value>
         <object_component_ref idref="oc-75"/>
      </symbol>
      <symbol id="sm-533">
         <name>__TI_int58</name>
         <value>0xfff4</value>
         <object_component_ref idref="oc-76"/>
      </symbol>
      <symbol id="sm-536">
         <name>__TI_int59</name>
         <value>0xfff6</value>
         <object_component_ref idref="oc-77"/>
      </symbol>
      <symbol id="sm-539">
         <name>__TI_int60</name>
         <value>0xfff8</value>
         <object_component_ref idref="oc-78"/>
      </symbol>
      <symbol id="sm-53c">
         <name>__TI_int61</name>
         <value>0xfffa</value>
         <object_component_ref idref="oc-79"/>
      </symbol>
      <symbol id="sm-53f">
         <name>__TI_int62</name>
         <value>0xfffc</value>
         <object_component_ref idref="oc-7a"/>
      </symbol>
      <symbol id="sm-546">
         <name>__TI_ISR_TRAP</name>
         <value>0x8c52</value>
         <object_component_ref idref="oc-8d"/>
      </symbol>
      <symbol id="sm-54e">
         <name>__mspabi_slli</name>
         <value>0x8c36</value>
         <object_component_ref idref="oc-1d3"/>
      </symbol>
      <symbol id="sm-556">
         <name>_system_pre_init</name>
         <value>0x8c58</value>
         <object_component_ref idref="oc-96"/>
      </symbol>
      <symbol id="sm-56d">
         <name>_auto_init</name>
         <value>0x86c6</value>
         <object_component_ref idref="oc-9b"/>
      </symbol>
      <symbol id="sm-56e">
         <name>__TI_exit</name>
         <value>0x1</value>
      </symbol>
      <symbol id="sm-56f">
         <name>__TI_args_main</name>
         <value>0x1</value>
      </symbol>
      <symbol id="sm-570">
         <name>__TI_INITARRAY_Base</name>
         <value>0x0</value>
      </symbol>
      <symbol id="sm-571">
         <name>__TI_INITARRAY_Limit</name>
         <value>0x0</value>
      </symbol>
   </symbol_table>
   <title>Link successful</title>
</link_info>
